// Jest Snapshot v1, https://goo.gl/fbAQLP

exports[`Matches snapshot 1`] = `
<DocumentFragment>
  <div
<<<<<<< HEAD
    class="pf-v6-c-tree-view"
  >
    <div
      class="pf-v6-c-tree-view__node"
=======
    class="pf-v5-c-tree-view"
  >
    <div
      class="pf-v5-c-tree-view__node"
>>>>>>> main
      tabindex="0"
    >
      Content
    </div>
  </div>
</DocumentFragment>
`;
