// Jest Snapshot v1, https://goo.gl/fbAQLP

exports[`Check form section example against snapshot 1`] = `
<DocumentFragment>
  <section
    class="pf-v6-c-form__section"
    role="group"
  />
</DocumentFragment>
`;

exports[`Check form section example with title 1`] = `
<DocumentFragment>
  <section
<<<<<<< HEAD
    aria-labelledby="pf-form-section-title1"
    class="pf-v6-c-form__section"
    role="group"
  >
    <h4
      class="pf-v6-c-form__section-title"
      id="pf-form-section-title1"
=======
    aria-labelledby="generated-id"
    class="pf-v5-c-form__section"
    role="group"
  >
    <h4
      class="pf-v5-c-form__section-title"
      id="generated-id"
>>>>>>> main
    >
      Title
    </h4>
  </section>
</DocumentFragment>
`;
