// Jest Snapshot v1, https://goo.gl/fbAQLP

exports[`Renders to match snapshot 1`] = `
<DocumentFragment>
  <dl
<<<<<<< HEAD
    class="pf-v6-c-description-list"
=======
    class="pf-v5-c-description-list"
>>>>>>> main
  />
</DocumentFragment>
`;
