// Jest Snapshot v1, https://goo.gl/fbAQLP

exports[`Renders to match snapshot 1`] = `
<DocumentFragment>
  <div
<<<<<<< HEAD
    class="pf-v6-c-description-list__group"
=======
    class="pf-v5-c-description-list__group"
>>>>>>> main
  >
    test
  </div>
</DocumentFragment>
`;
