// Jest Snapshot v1, https://goo.gl/fbAQLP

exports[`Renders to match snapshot 1`] = `
<DocumentFragment>
  <dt
<<<<<<< HEAD
    class="pf-v6-c-description-list__term"
=======
    class="pf-v5-c-description-list__term"
>>>>>>> main
  >
    test
  </dt>
</DocumentFragment>
`;
