// Jest Snapshot v1, https://goo.gl/fbAQLP

exports[`Renders to match snapshot 1`] = `
<DocumentFragment>
  <span
<<<<<<< HEAD
    class="pf-v6-c-description-list__text pf-m-help-text"
=======
    class="pf-v5-c-description-list__text pf-m-help-text"
>>>>>>> main
    role="button"
    tabindex="0"
    type="button"
  >
    test
  </span>
</DocumentFragment>
`;
