// Jest Snapshot v1, https://goo.gl/fbAQLP

exports[`Matches snapshot 1`] = `
<DocumentFragment>
  <div
    style="display: contents;"
  >
    <button
      aria-disabled="false"
<<<<<<< HEAD
      class="pf-v6-c-button pf-m-plain"
      data-ouia-component-id="OUIA-Generated-Button-plain-1"
=======
      class="pf-v5-c-button pf-m-control"
      data-ouia-component-id="OUIA-Generated-Button-control-1"
>>>>>>> main
      data-ouia-component-type="PF5/Button"
      data-ouia-safe="true"
      type="button"
    >
      <div>
        icon
      </div>
    </button>
  </div>
</DocumentFragment>
`;
