// Jest Snapshot v1, https://goo.gl/fbAQLP

exports[`NotificationDrawerListItem renders with PatternFly Core styles 1`] = `
<DocumentFragment>
  <li
    class="pf-v6-c-notification-drawer__list-item pf-m-hoverable pf-m-custom"
    tabindex="0"
  >
    <span
<<<<<<< HEAD
      class="pf-v6-screen-reader"
=======
      class="pf-v5-screen-reader"
>>>>>>> main
    >
      unread
    </span>
  </li>
</DocumentFragment>
`;
