// Jest Snapshot v1, https://goo.gl/fbAQLP

exports[`ModalBody tests ModalBody renders 1`] = `
<DocumentFragment>
  <div
<<<<<<< HEAD
    class="pf-v6-c-modal-box__body test-box-class"
=======
    class="pf-v5-c-modal-box__body test-box-class"
>>>>>>> main
    id="id"
  >
    This is a Modal body
  </div>
</DocumentFragment>
`;
