// Jest Snapshot v1, https://goo.gl/fbAQLP

exports[`Renders to match snapshot 1`] = `
<DocumentFragment>
  <ul
    aria-label="list"
<<<<<<< HEAD
    class="pf-v6-c-data-list pf-m-grid-md"
=======
    class="pf-v5-c-data-list pf-m-grid-md"
>>>>>>> main
    role="list"
  />
</DocumentFragment>
`;
