// Jest Snapshot v1, https://goo.gl/fbAQLP

exports[`Renders to match snapshot 1`] = `
<DocumentFragment>
  <li
    aria-labelledby="item-1"
<<<<<<< HEAD
    class="pf-v6-c-data-list__item"
=======
    class="pf-v5-c-data-list__item"
>>>>>>> main
    id=""
  />
</DocumentFragment>
`;
