// Jest Snapshot v1, https://goo.gl/fbAQLP

exports[`Item row renders to match snapshot 1`] = `
<DocumentFragment>
  <div
<<<<<<< HEAD
    class="pf-v6-c-data-list__item-row"
=======
    class="pf-v5-c-data-list__item-row"
>>>>>>> main
  />
</DocumentFragment>
`;
